// Jest Snapshot v1, https://goo.gl/fbAQLP

exports[`List renders correctly 1`] = `
<div
  className="column-right"
>
  <div
    className="logo"
  >
    <h1>
      <span>
        Domain
      </span>
       
      <span>
        Monitor
      </span>
    </h1>
    <img
      alt="Logo"
      src="logo.svg"
    />
  </div>
  <form
    className="domain-eingabe"
    onSubmit={[Function]}
  >
    <input
      id="eingabefeld"
      onChange={[Function]}
      placeholder="Geben Sie hier Ihre Wunschdomain ein"
      type="text"
      value=""
    />
    <input
      className="button"
      type="submit"
      value="Hinzufügen"
    />
  </form>
  <div
    className="domain-liste"
  >
    <div
      className="table-scrollable"
    >
      <table>
        <tbody>
          <tr>
            <th
              className="symbole"
            >
              Einstellungen
            </th>
            <th>
               
              <button
                data-testid="button"
                onClick={[Function]}
              >
                 Domain 
              </button>
            </th>
            <th>
               
              <button
                onClick={[Function]}
              >
                 Status 
              </button>
               
            </th>
            <th>
               
              <button
                onClick={[Function]}
              >
                zuetzt geprüft
              </button>
               
            </th>
            <th>
               
              <button
                onClick={[Function]}
              >
                hinzugefügt
              </button>
               
            </th>
            <th
              className="symbole"
            >
              Löschen
            </th>
          </tr>
        </tbody>
      </table>
    </div>
  </div>
</div>
`;

exports[`List should render correctly in "debug" mode 1`] = `ShallowWrapper {}`;
